// Jest Snapshot v1, https://goo.gl/fbAQLP

exports[`MessageCard tests renders matching snapshot with dialog closed 1`] = `null`;
